Archive member included to satisfy reference by file (symbol)

C:/ST/STM32CubeIDE_1.16.0/STM32CubeIDE/plugins/com.st.stm32cube.ide.mcu.externaltools.gnu-tools-for-stm32.12.3.rel1.win32_1.0.200.202406191623/tools/bin/../lib/gcc/arm-none-eabi/12.3.1/../../../../arm-none-eabi/lib/thumb/v7-m/nofp\libc_nano.a(libc_a-exit.o)
                              C:/ST/STM32CubeIDE_1.16.0/STM32CubeIDE/plugins/com.st.stm32cube.ide.mcu.externaltools.gnu-tools-for-stm32.12.3.rel1.win32_1.0.200.202406191623/tools/bin/../lib/gcc/arm-none-eabi/12.3.1/../../../../arm-none-eabi/lib/thumb/v7-m/nofp/crt0.o (exit)
C:/ST/STM32CubeIDE_1.16.0/STM32CubeIDE/plugins/com.st.stm32cube.ide.mcu.externaltools.gnu-tools-for-stm32.12.3.rel1.win32_1.0.200.202406191623/tools/bin/../lib/gcc/arm-none-eabi/12.3.1/../../../../arm-none-eabi/lib/thumb/v7-m/nofp\libc_nano.a(libc_a-findfp.o)
                              C:/ST/STM32CubeIDE_1.16.0/STM32CubeIDE/plugins/com.st.stm32cube.ide.mcu.externaltools.gnu-tools-for-stm32.12.3.rel1.win32_1.0.200.202406191623/tools/bin/../lib/gcc/arm-none-eabi/12.3.1/../../../../arm-none-eabi/lib/thumb/v7-m/nofp\libc_nano.a(libc_a-exit.o) (__stdio_exit_handler)
C:/ST/STM32CubeIDE_1.16.0/STM32CubeIDE/plugins/com.st.stm32cube.ide.mcu.externaltools.gnu-tools-for-stm32.12.3.rel1.win32_1.0.200.202406191623/tools/bin/../lib/gcc/arm-none-eabi/12.3.1/../../../../arm-none-eabi/lib/thumb/v7-m/nofp\libc_nano.a(libc_a-fwalk.o)
                              C:/ST/STM32CubeIDE_1.16.0/STM32CubeIDE/plugins/com.st.stm32cube.ide.mcu.externaltools.gnu-tools-for-stm32.12.3.rel1.win32_1.0.200.202406191623/tools/bin/../lib/gcc/arm-none-eabi/12.3.1/../../../../arm-none-eabi/lib/thumb/v7-m/nofp\libc_nano.a(libc_a-findfp.o) (_fwalk_sglue)
C:/ST/STM32CubeIDE_1.16.0/STM32CubeIDE/plugins/com.st.stm32cube.ide.mcu.externaltools.gnu-tools-for-stm32.12.3.rel1.win32_1.0.200.202406191623/tools/bin/../lib/gcc/arm-none-eabi/12.3.1/../../../../arm-none-eabi/lib/thumb/v7-m/nofp\libc_nano.a(libc_a-stdio.o)
                              C:/ST/STM32CubeIDE_1.16.0/STM32CubeIDE/plugins/com.st.stm32cube.ide.mcu.externaltools.gnu-tools-for-stm32.12.3.rel1.win32_1.0.200.202406191623/tools/bin/../lib/gcc/arm-none-eabi/12.3.1/../../../../arm-none-eabi/lib/thumb/v7-m/nofp\libc_nano.a(libc_a-findfp.o) (__sread)
C:/ST/STM32CubeIDE_1.16.0/STM32CubeIDE/plugins/com.st.stm32cube.ide.mcu.externaltools.gnu-tools-for-stm32.12.3.rel1.win32_1.0.200.202406191623/tools/bin/../lib/gcc/arm-none-eabi/12.3.1/../../../../arm-none-eabi/lib/thumb/v7-m/nofp\libc_nano.a(libc_a-memset.o)
                              C:/ST/STM32CubeIDE_1.16.0/STM32CubeIDE/plugins/com.st.stm32cube.ide.mcu.externaltools.gnu-tools-for-stm32.12.3.rel1.win32_1.0.200.202406191623/tools/bin/../lib/gcc/arm-none-eabi/12.3.1/../../../../arm-none-eabi/lib/thumb/v7-m/nofp/crt0.o (memset)
C:/ST/STM32CubeIDE_1.16.0/STM32CubeIDE/plugins/com.st.stm32cube.ide.mcu.externaltools.gnu-tools-for-stm32.12.3.rel1.win32_1.0.200.202406191623/tools/bin/../lib/gcc/arm-none-eabi/12.3.1/../../../../arm-none-eabi/lib/thumb/v7-m/nofp\libc_nano.a(libc_a-closer.o)
                              C:/ST/STM32CubeIDE_1.16.0/STM32CubeIDE/plugins/com.st.stm32cube.ide.mcu.externaltools.gnu-tools-for-stm32.12.3.rel1.win32_1.0.200.202406191623/tools/bin/../lib/gcc/arm-none-eabi/12.3.1/../../../../arm-none-eabi/lib/thumb/v7-m/nofp\libc_nano.a(libc_a-stdio.o) (_close_r)
C:/ST/STM32CubeIDE_1.16.0/STM32CubeIDE/plugins/com.st.stm32cube.ide.mcu.externaltools.gnu-tools-for-stm32.12.3.rel1.win32_1.0.200.202406191623/tools/bin/../lib/gcc/arm-none-eabi/12.3.1/../../../../arm-none-eabi/lib/thumb/v7-m/nofp\libc_nano.a(libc_a-reent.o)
                              C:/ST/STM32CubeIDE_1.16.0/STM32CubeIDE/plugins/com.st.stm32cube.ide.mcu.externaltools.gnu-tools-for-stm32.12.3.rel1.win32_1.0.200.202406191623/tools/bin/../lib/gcc/arm-none-eabi/12.3.1/../../../../arm-none-eabi/lib/thumb/v7-m/nofp\libc_nano.a(libc_a-closer.o) (errno)
C:/ST/STM32CubeIDE_1.16.0/STM32CubeIDE/plugins/com.st.stm32cube.ide.mcu.externaltools.gnu-tools-for-stm32.12.3.rel1.win32_1.0.200.202406191623/tools/bin/../lib/gcc/arm-none-eabi/12.3.1/../../../../arm-none-eabi/lib/thumb/v7-m/nofp\libc_nano.a(libc_a-impure.o)
                              C:/ST/STM32CubeIDE_1.16.0/STM32CubeIDE/plugins/com.st.stm32cube.ide.mcu.externaltools.gnu-tools-for-stm32.12.3.rel1.win32_1.0.200.202406191623/tools/bin/../lib/gcc/arm-none-eabi/12.3.1/../../../../arm-none-eabi/lib/thumb/v7-m/nofp\libc_nano.a(libc_a-reent.o) (_impure_ptr)
C:/ST/STM32CubeIDE_1.16.0/STM32CubeIDE/plugins/com.st.stm32cube.ide.mcu.externaltools.gnu-tools-for-stm32.12.3.rel1.win32_1.0.200.202406191623/tools/bin/../lib/gcc/arm-none-eabi/12.3.1/../../../../arm-none-eabi/lib/thumb/v7-m/nofp\libc_nano.a(libc_a-lseekr.o)
[...]
Memory Configuration

Name             Origin             Length             Attributes
RAM              0x20000000         0x00005000         xrw
FLASH            0x08000000         0x00010000         xr
*default*        0x00000000         0xffffffff

Linker script and memory map

LOAD C:/ST/STM32CubeIDE_1.16.0/STM32CubeIDE/plugins/com.st.stm32cube.ide.mcu.externaltools.gnu-tools-for-stm32.12.3.rel1.win32_1.0.200.202406191623/tools/bin/../lib/gcc/arm-none-eabi/12.3.1/thumb/v7-m/nofp/crti.o
LOAD C:/ST/STM32CubeIDE_1.16.0/STM32CubeIDE/plugins/com.st.stm32cube.ide.mcu.externaltools.gnu-tools-for-stm32.12.3.rel1.win32_1.0.200.202406191623/tools/bin/../lib/gcc/arm-none-eabi/12.3.1/thumb/v7-m/nofp/crtbegin.o
LOAD C:/ST/STM32CubeIDE_1.16.0/STM32CubeIDE/plugins/com.st.stm32cube.ide.mcu.externaltools.gnu-tools-for-stm32.12.3.rel1.win32_1.0.200.202406191623/tools/bin/../lib/gcc/arm-none-eabi/12.3.1/../../../../arm-none-eabi/lib/thumb/v7-m/nofp/crt0.o
LOAD ./Core/Src/fonts.o
LOAD ./Core/Src/main.o
LOAD ./Core/Src/ssd1306.o
LOAD ./Core/Src/stm32f1xx_hal_msp.o
LOAD ./Core/Src/stm32f1xx_it.o
LOAD ./Core/Src/syscalls.o
LOAD ./Core/Src/sysmem.o
LOAD ./Core/Src/system_stm32f1xx.o
LOAD ./Core/Startup/startup_stm32f103c8tx.o
LOAD ./Drivers/STM32F1xx_HAL_Driver/Src/stm32f1xx_hal.o
LOAD ./Drivers/STM32F1xx_HAL_Driver/Src/stm32f1xx_hal_cortex.o
LOAD ./Drivers/STM32F1xx_HAL_Driver/Src/stm32f1xx_hal_dma.o
LOAD ./Drivers/STM32F1xx_HAL_Driver/Src/stm32f1xx_hal_exti.o
LOAD ./Drivers/STM32F1xx_HAL_Driver/Src/stm32f1xx_hal_flash.o
LOAD ./Drivers/STM32F1xx_HAL_Driver/Src/stm32f1xx_hal_flash_ex.o
LOAD ./Drivers/STM32F1xx_HAL_Driver/Src/stm32f1xx_hal_gpio.o
LOAD ./Drivers/STM32F1xx_HAL_Driver/Src/stm32f1xx_hal_gpio_ex.o
LOAD ./Drivers/STM32F1xx_HAL_Driver/Src/stm32f1xx_hal_i2c.o
LOAD ./Drivers/STM32F1xx_HAL_Driver/Src/stm32f1xx_hal_pwr.o
LOAD ./Drivers/STM32F1xx_HAL_Driver/Src/stm32f1xx_hal_rcc.o
LOAD ./Drivers/STM32F1xx_HAL_Driver/Src/stm32f1xx_hal_rcc_ex.o
LOAD ./Drivers/STM32F1xx_HAL_Driver/Src/stm32f1xx_hal_tim.o
LOAD ./Drivers/STM32F1xx_HAL_Driver/Src/stm32f1xx_hal_tim_ex.o
START GROUP
LOAD C:/ST/STM32CubeIDE_1.16.0/STM32CubeIDE/plugins/com.st.stm32cube.ide.mcu.externaltools.gnu-tools-for-stm32.12.3.rel1.win32_1.0.200.202406191623/tools/bin/../lib/gcc/arm-none-eabi/12.3.1/../../../../arm-none-eabi/lib/thumb/v7-m/nofp\libc_nano.a
LOAD C:/ST/STM32CubeIDE_1.16.0/STM32CubeIDE/plugins/com.st.stm32cube.ide.mcu.externaltools.gnu-tools-for-stm32.12.3.rel1.win32_1.0.200.202406191623/tools/bin/../lib/gcc/arm-none-eabi/12.3.1/../../../../arm-none-eabi/lib/thumb/v7-m/nofp\libm.a
END GROUP
START GROUP
LOAD C:/ST/STM32CubeIDE_1.16.0/STM32CubeIDE/plugins/com.st.stm32cube.ide.mcu.externaltools.gnu-tools-for-stm32.12.3.rel1.win32_1.0.200.202406191623/tools/bin/../lib/gcc/arm-none-eabi/12.3.1/thumb/v7-m/nofp\libgcc.a
LOAD C:/ST/STM32CubeIDE_1.16.0/STM32CubeIDE/plugins/com.st.stm32cube.ide.mcu.externaltools.gnu-tools-for-stm32.12.3.rel1.win32_1.0.200.202406191623/tools/bin/../lib/gcc/arm-none-eabi/12.3.1/../../../../arm-none-eabi/lib/thumb/v7-m/nofp\libc_nano.a
END GROUP
START GROUP
LOAD C:/ST/STM32CubeIDE_1.16.0/STM32CubeIDE/plugins/com.st.stm32cube.ide.mcu.externaltools.gnu-tools-for-stm32.12.3.rel1.win32_1.0.200.202406191623/tools/bin/../lib/gcc/arm-none-eabi/12.3.1/thumb/v7-m/nofp\libgcc.a
LOAD C:/ST/STM32CubeIDE_1.16.0/STM32CubeIDE/plugins/com.st.stm32cube.ide.mcu.externaltools.gnu-tools-for-stm32.12.3.rel1.win32_1.0.200.202406191623/tools/bin/../lib/gcc/arm-none-eabi/12.3.1/../../../../arm-none-eabi/lib/thumb/v7-m/nofp\libc_nano.a
LOAD C:/ST/STM32CubeIDE_1.16.0/STM32CubeIDE/plugins/com.st.stm32cube.ide.mcu.externaltools.gnu-tools-for-stm32.12.3.rel1.win32_1.0.200.202406191623/tools/bin/../lib/gcc/arm-none-eabi/12.3.1/../../../../arm-none-eabi/lib/thumb/v7-m/nofp\libnosys.a
END GROUP
START GROUP
LOAD C:/ST/STM32CubeIDE_1.16.0/STM32CubeIDE/plugins/com.st.stm32cube.ide.mcu.externaltools.gnu-tools-for-stm32.12.3.rel1.win32_1.0.200.202406191623/tools/bin/../lib/gcc/arm-none-eabi/12.3.1/thumb/v7-m/nofp\libgcc.a
LOAD C:/ST/STM32CubeIDE_1.16.0/STM32CubeIDE/plugins/com.st.stm32cube.ide.mcu.externaltools.gnu-tools-for-stm32.12.3.rel1.win32_1.0.200.202406191623/tools/bin/../lib/gcc/arm-none-eabi/12.3.1/../../../../arm-none-eabi/lib/thumb/v7-m/nofp\libc_nano.a
LOAD C:/ST/STM32CubeIDE_1.16.0/STM32CubeIDE/plugins/com.st.stm32cube.ide.mcu.externaltools.gnu-tools-for-stm32.12.3.rel1.win32_1.0.200.202406191623/tools/bin/../lib/gcc/arm-none-eabi/12.3.1/../../../../arm-none-eabi/lib/thumb/v7-m/nofp\libnosys.a
END GROUP
LOAD C:/ST/STM32CubeIDE_1.16.0/STM32CubeIDE/plugins/com.st.stm32cube.ide.mcu.externaltools.gnu-tools-for-stm32.12.3.rel1.win32_1.0.200.202406191623/tools/bin/../lib/gcc/arm-none-eabi/12.3.1/thumb/v7-m/nofp/crtend.o
LOAD C:/ST/STM32CubeIDE_1.16.0/STM32CubeIDE/plugins/com.st.stm32cube.ide.mcu.externaltools.gnu-tools-for-stm32.12.3.rel1.win32_1.0.200.202406191623/tools/bin/../lib/gcc/arm-none-eabi/12.3.1/thumb/v7-m/nofp/crtn.o
                0x20005000                        _estack = (ORIGIN (RAM) + LENGTH (RAM))
                0x00000200                        _Min_Heap_Size = 0x200
                0x00000400                        _Min_Stack_Size = 0x400

.isr_vector     0x08000000      0x10c
                0x08000000                        . = ALIGN (0x4)
 *(.isr_vector)
 .isr_vector    0x08000000      0x10c ./Core/Startup/startup_stm32f103c8tx.o
                0x08000000                g_pfnVectors
                0x0800010c                        . = ALIGN (0x4)

.text           0x0800010c     0x2784
                0x0800010c                        . = ALIGN (0x4)
 *(.text)
 .text          0x0800010c       0x40 C:/ST/STM32CubeIDE_1.16.0/STM32CubeIDE/plugins/com.st.stm32cube.ide.mcu.externaltools.gnu-tools-for-stm32.12.3.rel1.win32_1.0.200.202406191623/tools/bin/../lib/gcc/arm-none-eabi/12.3.1/thumb/v7-m/nofp/crtbegin.o
 *(.text*)
 .text.main     0x0800014c      0x248 ./Core/Src/main.o
                0x0800014c                main
 .text.SystemClock_Config
                0x08000394       0x76 ./Core/Src/main.o
                0x08000394                SystemClock_Config
 *fill*         0x0800040a        0x2 
 .text.MX_I2C2_Init
                0x0800040c       0x5c ./Core/Src/main.o
 .text.MX_GPIO_Init
                0x08000468       0x44 ./Core/Src/main.o
 .text.Error_Handler
                0x080004ac        0xc ./Core/Src/main.o
                0x080004ac                Error_Handler
 .text.SSD1306_ScrollRight
                0x080004b8       0x6c ./Core/Src/ssd1306.o
                0x080004b8                SSD1306_ScrollRight
 .text.SSD1306_ScrollLeft
                0x08000524       0x6c ./Core/Src/ssd1306.o
                0x08000524                SSD1306_ScrollLeft
 .text.SSD1306_Scrolldiagright
                0x08000590       0x80 ./Core/Src/ssd1306.o
                0x08000590                SSD1306_Scrolldiagright
 .text.SSD1306_Scrolldiagleft
                0x08000610       0x80 ./Core/Src/ssd1306.o
                0x08000610                SSD1306_Scrolldiagleft
 .text.SSD1306_Stopscroll
                0x08000690       0x12 ./Core/Src/ssd1306.o
                0x08000690                SSD1306_Stopscroll
 .text.SSD1306_InvertDisplay
                0x080006a2       0x2c ./Core/Src/ssd1306.o
                0x080006a2                SSD1306_InvertDisplay
 .text.SSD1306_DrawBitmap
                0x080006ce       0xd0 ./Core/Src/ssd1306.o
                0x080006ce                SSD1306_DrawBitmap
 *fill*         0x0800079e        0x2 
 .text.SSD1306_Init
                0x080007a0      0x188 ./Core/Src/ssd1306.o
                0x080007a0                SSD1306_Init
 .text.SSD1306_UpdateScreen
                0x08000928       0x5c ./Core/Src/ssd1306.o
                0x08000928                SSD1306_UpdateScreen
 .text.SSD1306_Fill
                0x08000984       0x30 ./Core/Src/ssd1306.o
                0x08000984                SSD1306_Fill
 .text.SSD1306_DrawPixel
                0x080009b4       0xbc ./Core/Src/ssd1306.o
                0x080009b4                SSD1306_DrawPixel
 .text.SSD1306_GotoXY
                0x08000a70       0x2c ./Core/Src/ssd1306.o
                0x08000a70                SSD1306_GotoXY
 .text.SSD1306_Putc
                0x08000a9c       0xfc ./Core/Src/ssd1306.o
                0x08000a9c                SSD1306_Putc
 .text.SSD1306_Puts
                0x08000b98       0x4a ./Core/Src/ssd1306.o
                0x08000b98                SSD1306_Puts
 .text.SSD1306_Clear
                0x08000be2       0x12 ./Core/Src/ssd1306.o
                0x08000be2                SSD1306_Clear
 .text.ssd1306_I2C_Init
                0x08000bf4       0x28 ./Core/Src/ssd1306.o
                0x08000bf4                ssd1306_I2C_Init
 .text.ssd1306_I2C_WriteMulti
                0x08000c1c       0xcc ./Core/Src/ssd1306.o
                0x08000c1c                ssd1306_I2C_WriteMulti
 .text.ssd1306_I2C_Write
                0x08000ce8       0x3c ./Core/Src/ssd1306.o
                0x08000ce8                ssd1306_I2C_Write
 .text.HAL_MspInit
                0x08000d24       0x64 ./Core/Src/stm32f1xx_hal_msp.o
                0x08000d24                HAL_MspInit
 .text.HAL_I2C_MspInit
                0x08000d88       0x80 ./Core/Src/stm32f1xx_hal_msp.o
                0x08000d88                HAL_I2C_MspInit
 .text.NMI_Handler
                0x08000e08        0x8 ./Core/Src/stm32f1xx_it.o
                0x08000e08                NMI_Handler
 .text.HardFault_Handler
                0x08000e10        0x8 ./Core/Src/stm32f1xx_it.o
                0x08000e10                HardFault_Handler
 .text.MemManage_Handler
                0x08000e18        0x8 ./Core/Src/stm32f1xx_it.o
                0x08000e18                MemManage_Handler
 .text.BusFault_Handler
                0x08000e20        0x8 ./Core/Src/stm32f1xx_it.o
                0x08000e20                BusFault_Handler
 .text.UsageFault_Handler
                0x08000e28        0x8 ./Core/Src/stm32f1xx_it.o
                0x08000e28                UsageFault_Handler
 .text.SVC_Handler
                0x08000e30        0xc ./Core/Src/stm32f1xx_it.o
                0x08000e30                SVC_Handler
 .text.DebugMon_Handler
                0x08000e3c        0xc ./Core/Src/stm32f1xx_it.o
                0x08000e3c                DebugMon_Handler
 .text.PendSV_Handler
                0x08000e48        0xc ./Core/Src/stm32f1xx_it.o
                0x08000e48                PendSV_Handler
 .text.SysTick_Handler
                0x08000e54        0xc ./Core/Src/stm32f1xx_it.o
                0x08000e54                SysTick_Handler
 .text.SystemInit
                0x08000e60        0xc ./Core/Src/system_stm32f1xx.o
                0x08000e60                SystemInit
 .text.Reset_Handler
                0x08000e6c       0x48 ./Core/Startup/startup_stm32f103c8tx.o
                0x08000e6c                Reset_Handler
 .text.Default_Handler
                0x08000eb4        0x2 ./Core/Startup/startup_stm32f103c8tx.o
                0x08000eb4                RTC_Alarm_IRQHandler
                0x08000eb4                EXTI2_IRQHandler
                0x08000eb4                TIM1_CC_IRQHandler
                0x08000eb4                PVD_IRQHandler
                0x08000eb4                EXTI3_IRQHandler
                0x08000eb4                EXTI0_IRQHandler
                0x08000eb4                I2C2_EV_IRQHandler
                0x08000eb4                ADC1_2_IRQHandler
                0x08000eb4                SPI1_IRQHandler
                0x08000eb4                TAMPER_IRQHandler
                0x08000eb4                DMA1_Channel4_IRQHandler
                0x08000eb4                USART3_IRQHandler
                0x08000eb4                RTC_IRQHandler
                0x08000eb4                DMA1_Channel7_IRQHandler
                0x08000eb4                CAN1_RX1_IRQHandler
                0x08000eb4                TIM4_IRQHandler
                0x08000eb4                I2C1_EV_IRQHandler
                0x08000eb4                DMA1_Channel6_IRQHandler
                0x08000eb4                TIM3_IRQHandler
                0x08000eb4                RCC_IRQHandler
                0x08000eb4                TIM1_TRG_COM_IRQHandler
                0x08000eb4                DMA1_Channel1_IRQHandler
                0x08000eb4                Default_Handler
                0x08000eb4                EXTI15_10_IRQHandler
                0x08000eb4                EXTI9_5_IRQHandler
                0x08000eb4                SPI2_IRQHandler
                0x08000eb4                DMA1_Channel5_IRQHandler
                0x08000eb4                EXTI4_IRQHandler
                0x08000eb4                USB_LP_CAN1_RX0_IRQHandler
                0x08000eb4                USB_HP_CAN1_TX_IRQHandler
                0x08000eb4                DMA1_Channel3_IRQHandler
                0x08000eb4                TIM1_UP_IRQHandler
                0x08000eb4                WWDG_IRQHandler
                0x08000eb4                TIM2_IRQHandler
                0x08000eb4                TIM1_BRK_IRQHandler
                0x08000eb4                EXTI1_IRQHandler
                0x08000eb4                USART2_IRQHandler
                0x08000eb4                I2C2_ER_IRQHandler
                0x08000eb4                DMA1_Channel2_IRQHandler
                0x08000eb4                CAN1_SCE_IRQHandler
                0x08000eb4                FLASH_IRQHandler
                0x08000eb4                USART1_IRQHandler
                0x08000eb4                I2C1_ER_IRQHandler
                0x08000eb4                USBWakeUp_IRQHandler
 *fill*         0x08000eb6        0x2 
 .text.HAL_Init
                0x08000eb8       0x2c ./Drivers/STM32F1xx_HAL_Driver/Src/stm32f1xx_hal.o
                0x08000eb8                HAL_Init
 .text.HAL_InitTick
                0x08000ee4       0x60 ./Drivers/STM32F1xx_HAL_Driver/Src/stm32f1xx_hal.o
                0x08000ee4                HAL_InitTick
 .text.HAL_IncTick
                0x08000f44       0x24 ./Drivers/STM32F1xx_HAL_Driver/Src/stm32f1xx_hal.o
                0x08000f44                HAL_IncTick
 .text.HAL_GetTick
                0x08000f68       0x14 ./Drivers/STM32F1xx_HAL_Driver/Src/stm32f1xx_hal.o
                0x08000f68                HAL_GetTick
 .text.HAL_Delay
                0x08000f7c       0x48 ./Drivers/STM32F1xx_HAL_Driver/Src/stm32f1xx_hal.o
                0x08000f7c                HAL_Delay
 .text.__NVIC_SetPriorityGrouping
                0x08000fc4       0x48 ./Drivers/STM32F1xx_HAL_Driver/Src/stm32f1xx_hal_cortex.o
 .text.__NVIC_GetPriorityGrouping
                0x0800100c       0x1c ./Drivers/STM32F1xx_HAL_Driver/Src/stm32f1xx_hal_cortex.o
 .text.__NVIC_SetPriority
                0x08001028       0x54 ./Drivers/STM32F1xx_HAL_Driver/Src/stm32f1xx_hal_cortex.o
 .text.NVIC_EncodePriority
                0x0800107c       0x64 ./Drivers/STM32F1xx_HAL_Driver/Src/stm32f1xx_hal_cortex.o
 .text.SysTick_Config
                0x080010e0       0x44 ./Drivers/STM32F1xx_HAL_Driver/Src/stm32f1xx_hal_cortex.o
 .text.HAL_NVIC_SetPriorityGrouping
                0x08001124       0x16 ./Drivers/STM32F1xx_HAL_Driver/Src/stm32f1xx_hal_cortex.o
                0x08001124                HAL_NVIC_SetPriorityGrouping
 .text.HAL_NVIC_SetPriority
                0x0800113a       0x38 ./Drivers/STM32F1xx_HAL_Driver/Src/stm32f1xx_hal_cortex.o
                0x0800113a                HAL_NVIC_SetPriority
 .text.HAL_SYSTICK_Config
                0x08001172       0x18 ./Drivers/STM32F1xx_HAL_Driver/Src/stm32f1xx_hal_cortex.o
                0x08001172                HAL_SYSTICK_Config
 *fill*         0x0800118a        0x2 
 .text.HAL_GPIO_Init
                0x0800118c      0x308 ./Drivers/STM32F1xx_HAL_Driver/Src/stm32f1xx_hal_gpio.o
                0x0800118c                HAL_GPIO_Init
 .text.HAL_I2C_Init
                0x08001494      0x288 ./Drivers/STM32F1xx_HAL_Driver/Src/stm32f1xx_hal_i2c.o
                0x08001494                HAL_I2C_Init
 .text.HAL_I2C_Master_Transmit
                0x0800171c      0x1fc ./Drivers/STM32F1xx_HAL_Driver/Src/stm32f1xx_hal_i2c.o
                0x0800171c                HAL_I2C_Master_Transmit
 .text.HAL_I2C_IsDeviceReady
                0x08001918      0x25c ./Drivers/STM32F1xx_HAL_Driver/Src/stm32f1xx_hal_i2c.o
                0x08001918                HAL_I2C_IsDeviceReady
 .text.I2C_MasterRequestWrite
                0x08001b74      0x104 ./Drivers/STM32F1xx_HAL_Driver/Src/stm32f1xx_hal_i2c.o
 .text.I2C_WaitOnFlagUntilTimeout
                0x08001c78       0xf4 ./Drivers/STM32F1xx_HAL_Driver/Src/stm32f1xx_hal_i2c.o
 .text.I2C_WaitOnMasterAddressFlagUntilTimeout
                0x08001d6c      0x140 ./Drivers/STM32F1xx_HAL_Driver/Src/stm32f1xx_hal_i2c.o
 .text.I2C_WaitOnTXEFlagUntilTimeout
                0x08001eac       0x90 ./Drivers/STM32F1xx_HAL_Driver/Src/stm32f1xx_hal_i2c.o
 .text.I2C_WaitOnBTFFlagUntilTimeout
                0x08001f3c       0x90 ./Drivers/STM32F1xx_HAL_Driver/Src/stm32f1xx_hal_i2c.o
 .text.I2C_IsAcknowledgeFailed
                0x08001fcc       0x5c ./Drivers/STM32F1xx_HAL_Driver/Src/stm32f1xx_hal_i2c.o
 .text.HAL_RCC_OscConfig
                0x08002028      0x504 ./Drivers/STM32F1xx_HAL_Driver/Src/stm32f1xx_hal_rcc.o
                0x08002028                HAL_RCC_OscConfig
 .text.HAL_RCC_ClockConfig
                0x0800252c      0x1d4 ./Drivers/STM32F1xx_HAL_Driver/Src/stm32f1xx_hal_rcc.o
                0x0800252c                HAL_RCC_ClockConfig
 .text.HAL_RCC_GetSysClockFreq
                0x08002700       0xa8 ./Drivers/STM32F1xx_HAL_Driver/Src/stm32f1xx_hal_rcc.o
                0x08002700                HAL_RCC_GetSysClockFreq
 .text.HAL_RCC_GetHCLKFreq
                0x080027a8       0x14 ./Drivers/STM32F1xx_HAL_Driver/Src/stm32f1xx_hal_rcc.o
                0x080027a8                HAL_RCC_GetHCLKFreq
 .text.HAL_RCC_GetPCLK1Freq
                0x080027bc       0x28 ./Drivers/STM32F1xx_HAL_Driver/Src/stm32f1xx_hal_rcc.o
                0x080027bc                HAL_RCC_GetPCLK1Freq
 .text.RCC_Delay
                0x080027e4       0x3c ./Drivers/STM32F1xx_HAL_Driver/Src/stm32f1xx_hal_rcc.o
 .text.memset   0x08002820       0x10 C:/ST/STM32CubeIDE_1.16.0/STM32CubeIDE/plugins/com.st.stm32cube.ide.mcu.externaltools.gnu-tools-for-stm32.12.3.rel1.win32_1.0.200.202406191623/tools/bin/../lib/gcc/arm-none-eabi/12.3.1/../../../../arm-none-eabi/lib/thumb/v7-m/nofp\libc_nano.a(libc_a-memset.o)
                0x08002820                memset
 .text.__libc_init_array
                0x08002830       0x48 C:/ST/STM32CubeIDE_1.16.0/STM32CubeIDE/plugins/com.st.stm32cube.ide.mcu.externaltools.gnu-tools-for-stm32.12.3.rel1.win32_1.0.200.202406191623/tools/bin/../lib/gcc/arm-none-eabi/12.3.1/../../../../arm-none-eabi/lib/thumb/v7-m/nofp\libc_nano.a(libc_a-init.o)
                0x08002830                __libc_init_array
 *(.glue_7)
 .glue_7        0x08002878        0x0 linker stubs
 *(.glue_7t)
 .glue_7t       0x08002878        0x0 linker stubs
 *(.eh_frame)
 .eh_frame      0x08002878        0x0 C:/ST/STM32CubeIDE_1.16.0/STM32CubeIDE/plugins/com.st.stm32cube.ide.mcu.externaltools.gnu-tools-for-stm32.12.3.rel1.win32_1.0.200.202406191623/tools/bin/../lib/gcc/arm-none-eabi/12.3.1/thumb/v7-m/nofp/crtbegin.o
 *(.init)
 .init          0x08002878        0x4 C:/ST/STM32CubeIDE_1.16.0/STM32CubeIDE/plugins/com.st.stm32cube.ide.mcu.externaltools.gnu-tools-for-stm32.12.3.rel1.win32_1.0.200.202406191623/tools/bin/../lib/gcc/arm-none-eabi/12.3.1/thumb/v7-m/nofp/crti.o
                0x08002878                _init
 .init          0x0800287c        0x8 C:/ST/STM32CubeIDE_1.16.0/STM32CubeIDE/plugins/com.st.stm32cube.ide.mcu.externaltools.gnu-tools-for-stm32.12.3.rel1.win32_1.0.200.202406191623/tools/bin/../lib/gcc/arm-none-eabi/12.3.1/thumb/v7-m/nofp/crtn.o
 *(.fini)
 .fini          0x08002884        0x4 C:/ST/STM32CubeIDE_1.16.0/STM32CubeIDE/plugins/com.st.stm32cube.ide.mcu.externaltools.gnu-tools-for-stm32.12.3.rel1.win32_1.0.200.202406191623/tools/bin/../lib/gcc/arm-none-eabi/12.3.1/thumb/v7-m/nofp/crti.o
                0x08002884                _fini
 .fini          0x08002888        0x8 C:/ST/STM32CubeIDE_1.16.0/STM32CubeIDE/plugins/com.st.stm32cube.ide.mcu.externaltools.gnu-tools-for-stm32.12.3.rel1.win32_1.0.200.202406191623/tools/bin/../lib/gcc/arm-none-eabi/12.3.1/thumb/v7-m/nofp/crtn.o
                0x08002890                        . = ALIGN (0x4)
                0x08002890                        _etext = .

.vfp11_veneer   0x08002890        0x0
 .vfp11_veneer  0x08002890        0x0 linker stubs

.v4_bx          0x08002890        0x0
 .v4_bx         0x08002890        0x0 linker stubs

.iplt           0x08002890        0x0
 .iplt          0x08002890        0x0 C:/ST/STM32CubeIDE_1.16.0/STM32CubeIDE/plugins/com.st.stm32cube.ide.mcu.externaltools.gnu-tools-for-stm32.12.3.rel1.win32_1.0.200.202406191623/tools/bin/../lib/gcc/arm-none-eabi/12.3.1/thumb/v7-m/nofp/crtbegin.o

.rodata         0x08002890     0x399c
                0x08002890                        . = ALIGN (0x4)
 *(.rodata)
 .rodata        0x08002890       0x13 ./Core/Src/main.o
 *(.rodata*)
 *fill*         0x080028a3        0x1 
 .rodata.Font11x18
                0x080028a4      0xd5c ./Core/Src/fonts.o
                0x080028a4                Font11x18
 .rodata.logo   0x08003600      0x400 ./Core/Src/main.o
                0x08003600                logo
 .rodata.horse1
                0x08003a00      0x400 ./Core/Src/main.o
                0x08003a00                horse1
 .rodata.horse2
                0x08003e00      0x400 ./Core/Src/main.o
                0x08003e00                horse2
 .rodata.horse3
                0x08004200      0x400 ./Core/Src/main.o
                0x08004200                horse3
 .rodata.horse4
                0x08004600      0x400 ./Core/Src/main.o
                0x08004600                horse4
 .rodata.horse5
                0x08004a00      0x400 ./Core/Src/main.o
                0x08004a00                horse5
 .rodata.horse6
                0x08004e00      0x400 ./Core/Src/main.o
                0x08004e00                horse6
 .rodata.horse7
                0x08005200      0x400 ./Core/Src/main.o
                0x08005200                horse7
 .rodata.horse8
                0x08005600      0x400 ./Core/Src/main.o
                0x08005600                horse8
 .rodata.horse9
                0x08005a00      0x400 ./Core/Src/main.o
                0x08005a00                horse9
 .rodata.horse10
                0x08005e00      0x400 ./Core/Src/main.o
                0x08005e00                horse10
 .rodata.AHBPrescTable
                0x08006200       0x10 ./Core/Src/system_stm32f1xx.o
                0x08006200                AHBPrescTable
 .rodata.APBPrescTable
                0x08006210        0x8 ./Core/Src/system_stm32f1xx.o
                0x08006210                APBPrescTable
 .rodata.aPLLMULFactorTable.1
                0x08006218       0x10 ./Drivers/STM32F1xx_HAL_Driver/Src/stm32f1xx_hal_rcc.o
 .rodata.aPredivFactorTable.0
                0x08006228        0x2 ./Drivers/STM32F1xx_HAL_Driver/Src/stm32f1xx_hal_rcc.o
                0x0800622c                        . = ALIGN (0x4)
 *fill*         0x0800622a        0x2 

.ARM.extab      0x0800622c        0x0
                0x0800622c                        . = ALIGN (0x4)
 *(.ARM.extab* .gnu.linkonce.armextab.*)
                0x0800622c                        . = ALIGN (0x4)

.ARM            0x0800622c        0x0
                0x0800622c                        . = ALIGN (0x4)
                0x0800622c                        __exidx_start = .
 *(.ARM.exidx*)
                0x0800622c                        __exidx_end = .
                0x0800622c                        . = ALIGN (0x4)

.preinit_array  0x0800622c        0x0
                0x0800622c                        . = ALIGN (0x4)
                0x0800622c                        PROVIDE (__preinit_array_start = .)
 *(.preinit_array*)
                0x0800622c                        PROVIDE (__preinit_array_end = .)
                0x0800622c                        . = ALIGN (0x4)

.init_array     0x0800622c        0x4
                0x0800622c                        . = ALIGN (0x4)
                0x0800622c                        PROVIDE (__init_array_start = .)
 *(SORT_BY_NAME(.init_array.*))
 *(.init_array*)
 .init_array    0x0800622c        0x4 C:/ST/STM32CubeIDE_1.16.0/STM32CubeIDE/plugins/com.st.stm32cube.ide.mcu.externaltools.gnu-tools-for-stm32.12.3.rel1.win32_1.0.200.202406191623/tools/bin/../lib/gcc/arm-none-eabi/12.3.1/thumb/v7-m/nofp/crtbegin.o
                0x08006230                        PROVIDE (__init_array_end = .)
                0x08006230                        . = ALIGN (0x4)

.fini_array     0x08006230        0x4
                0x08006230                        . = ALIGN (0x4)
                [!provide]                        PROVIDE (__fini_array_start = .)
 *(SORT_BY_NAME(.fini_array.*))
 *(.fini_array*)
 .fini_array    0x08006230        0x4 C:/ST/STM32CubeIDE_1.16.0/STM32CubeIDE/plugins/com.st.stm32cube.ide.mcu.externaltools.gnu-tools-for-stm32.12.3.rel1.win32_1.0.200.202406191623/tools/bin/../lib/gcc/arm-none-eabi/12.3.1/thumb/v7-m/nofp/crtbegin.o
                [!provide]                        PROVIDE (__fini_array_end = .)
                0x08006234                        . = ALIGN (0x4)
                0x08006234                        _sidata = LOADADDR (.data)

.rel.dyn        0x08006234        0x0
 .rel.iplt      0x08006234        0x0 C:/ST/STM32CubeIDE_1.16.0/STM32CubeIDE/plugins/com.st.stm32cube.ide.mcu.externaltools.gnu-tools-for-stm32.12.3.rel1.win32_1.0.200.202406191623/tools/bin/../lib/gcc/arm-none-eabi/12.3.1/thumb/v7-m/nofp/crtbegin.o

.data           0x20000000       0x14 load address 0x08006234
                0x20000000                        . = ALIGN (0x4)
                0x20000000                        _sdata = .
 *(.data)
 *(.data*)
 .data.Font_11x18
                0x20000000        0x8 ./Core/Src/fonts.o
                0x20000000                Font_11x18
 .data.SystemCoreClock
                0x20000008        0x4 ./Core/Src/system_stm32f1xx.o
                0x20000008                SystemCoreClock
 .data.uwTickPrio
                0x2000000c        0x4 ./Drivers/STM32F1xx_HAL_Driver/Src/stm32f1xx_hal.o
                0x2000000c                uwTickPrio
 .data.uwTickFreq
                0x20000010        0x1 ./Drivers/STM32F1xx_HAL_Driver/Src/stm32f1xx_hal.o
                0x20000010                uwTickFreq
 *(.RamFunc)
 *(.RamFunc*)
                0x20000014                        . = ALIGN (0x4)
 *fill*         0x20000011        0x3 
                0x20000014                        _edata = .

.igot.plt       0x20000014        0x0 load address 0x08006248
 .igot.plt      0x20000014        0x0 C:/ST/STM32CubeIDE_1.16.0/STM32CubeIDE/plugins/com.st.stm32cube.ide.mcu.externaltools.gnu-tools-for-stm32.12.3.rel1.win32_1.0.200.202406191623/tools/bin/../lib/gcc/arm-none-eabi/12.3.1/thumb/v7-m/nofp/crtbegin.o
                0x20000014                        . = ALIGN (0x4)

.bss            0x20000014      0x47c load address 0x08006248
                0x20000014                        _sbss = .
                0x20000014                        __bss_start__ = _sbss
 *(.bss)
 .bss           0x20000014       0x1c C:/ST/STM32CubeIDE_1.16.0/STM32CubeIDE/plugins/com.st.stm32cube.ide.mcu.externaltools.gnu-tools-for-stm32.12.3.rel1.win32_1.0.200.202406191623/tools/bin/../lib/gcc/arm-none-eabi/12.3.1/thumb/v7-m/nofp/crtbegin.o
 *(.bss*)
 .bss.hi2c2     0x20000030       0x54 ./Core/Src/main.o
                0x20000030                hi2c2
 .bss.SSD1306_Buffer
                0x20000084      0x400 ./Core/Src/ssd1306.o
 .bss.SSD1306   0x20000484        0x6 ./Core/Src/ssd1306.o
 *fill*         0x2000048a        0x2 
 .bss.uwTick    0x2000048c        0x4 ./Drivers/STM32F1xx_HAL_Driver/Src/stm32f1xx_hal.o
                0x2000048c                uwTick
 *(COMMON)
                0x20000490                        . = ALIGN (0x4)
                0x20000490                        _ebss = .
                0x20000490                        __bss_end__ = _ebss

._user_heap_stack
                0x20000490      0x600 load address 0x08006248
                0x20000490                        . = ALIGN (0x8)
                [!provide]                        PROVIDE (end = .)
                0x20000490                        PROVIDE (_end = .)
                0x20000690                        . = (. + _Min_Heap_Size)
 *fill*         0x20000490      0x200 
                0x20000a90                        . = (. + _Min_Stack_Size)
 *fill*         0x20000690      0x400 
                0x20000a90                        . = ALIGN (0x8)

/DISCARD/
 libc.a(*)
 libm.a(*)
 libgcc.a(*)

.ARM.attributes
                0x00000000       0x29
 *(.ARM.attributes)
 .ARM.attributes
                0x00000000       0x1d C:/ST/STM32CubeIDE_1.16.0/STM32CubeIDE/plugins/com.st.stm32cube.ide.mcu.externaltools.gnu-tools-for-stm32.12.3.rel1.win32_1.0.200.202406191623/tools/bin/../lib/gcc/arm-none-eabi/12.3.1/thumb/v7-m/nofp/crti.o
 .ARM.attributes
                0x0000001d       0x2d C:/ST/STM32CubeIDE_1.16.0/STM32CubeIDE/plugins/com.st.stm32cube.ide.mcu.externaltools.gnu-tools-for-stm32.12.3.rel1.win32_1.0.200.202406191623/tools/bin/../lib/gcc/arm-none-eabi/12.3.1/thumb/v7-m/nofp/crtbegin.o
 .ARM.attributes
                0x0000004a       0x2d ./Core/Src/fonts.o
 .ARM.attributes
                0x00000077       0x2d ./Core/Src/main.o
 .ARM.attributes
                0x000000a4       0x2d ./Core/Src/ssd1306.o
 .ARM.attributes
                0x000000d1       0x2d ./Core/Src/stm32f1xx_hal_msp.o
 .ARM.attributes
                0x000000fe       0x2d ./Core/Src/stm32f1xx_it.o
 .ARM.attributes
                0x0000012b       0x2d ./Core/Src/system_stm32f1xx.o
 .ARM.attributes
                0x00000158       0x21 ./Core/Startup/startup_stm32f103c8tx.o
 .ARM.attributes
                0x00000179       0x2d ./Drivers/STM32F1xx_HAL_Driver/Src/stm32f1xx_hal.o
 .ARM.attributes
                0x000001a6       0x2d ./Drivers/STM32F1xx_HAL_Driver/Src/stm32f1xx_hal_cortex.o
 .ARM.attributes
                0x000001d3       0x2d ./Drivers/STM32F1xx_HAL_Driver/Src/stm32f1xx_hal_gpio.o
 .ARM.attributes
                0x00000200       0x2d ./Drivers/STM32F1xx_HAL_Driver/Src/stm32f1xx_hal_i2c.o
 .ARM.attributes
                0x0000022d       0x2d ./Drivers/STM32F1xx_HAL_Driver/Src/stm32f1xx_hal_rcc.o
 .ARM.attributes
                0x0000025a       0x2d C:/ST/STM32CubeIDE_1.16.0/STM32CubeIDE/plugins/com.st.stm32cube.ide.mcu.externaltools.gnu-tools-for-stm32.12.3.rel1.win32_1.0.200.202406191623/tools/bin/../lib/gcc/arm-none-eabi/12.3.1/../../../../arm-none-eabi/lib/thumb/v7-m/nofp\libc_nano.a(libc_a-memset.o)
 .ARM.attributes
                0x00000287       0x2d C:/ST/STM32CubeIDE_1.16.0/STM32CubeIDE/plugins/com.st.stm32cube.ide.mcu.externaltools.gnu-tools-for-stm32.12.3.rel1.win32_1.0.200.202406191623/tools/bin/../lib/gcc/arm-none-eabi/12.3.1/../../../../arm-none-eabi/lib/thumb/v7-m/nofp\libc_nano.a(libc_a-init.o)
 .ARM.attributes
                0x000002b4       0x1d C:/ST/STM32CubeIDE_1.16.0/STM32CubeIDE/plugins/com.st.stm32cube.ide.mcu.externaltools.gnu-tools-for-stm32.12.3.rel1.win32_1.0.200.202406191623/tools/bin/../lib/gcc/arm-none-eabi/12.3.1/thumb/v7-m/nofp/crtn.o
OUTPUT(I2C.elf elf32-littlearm)
LOAD linker stubs
LOAD C:/ST/STM32CubeIDE_1.16.0/STM32CubeIDE/plugins/com.st.stm32cube.ide.mcu.externaltools.gnu-tools-for-stm32.12.3.rel1.win32_1.0.200.202406191623/tools/bin/../lib/gcc/arm-none-eabi/12.3.1/../../../../arm-none-eabi/lib/thumb/v7-m/nofp\libc.a
LOAD C:/ST/STM32CubeIDE_1.16.0/STM32CubeIDE/plugins/com.st.stm32cube.ide.mcu.externaltools.gnu-tools-for-stm32.12.3.rel1.win32_1.0.200.202406191623/tools/bin/../lib/gcc/arm-none-eabi/12.3.1/../../../../arm-none-eabi/lib/thumb/v7-m/nofp\libm.a
LOAD C:/ST/STM32CubeIDE_1.16.0/STM32CubeIDE/plugins/com.st.stm32cube.ide.mcu.externaltools.gnu-tools-for-stm32.12.3.rel1.win32_1.0.200.202406191623/tools/bin/../lib/gcc/arm-none-eabi/12.3.1/thumb/v7-m/nofp\libgcc.a

.debug_info     0x00000000     0x6d68
 .debug_info    0x00000000      0x255 ./Core/Src/fonts.o
 .debug_info    0x00000255      0xb12 ./Core/Src/main.o
 .debug_info    0x00000d67     0x1028 ./Core/Src/ssd1306.o
 .debug_info    0x00001d8f      0x845 ./Core/Src/stm32f1xx_hal_msp.o
 .debug_info    0x000025d4      0x113 ./Core/Src/stm32f1xx_it.o
 .debug_info    0x000026e7      0x222 ./Core/Src/system_stm32f1xx.o
 .debug_info    0x00002909       0x30 ./Core/Startup/startup_stm32f103c8tx.o
 .debug_info    0x00002939      0x704 ./Drivers/STM32F1xx_HAL_Driver/Src/stm32f1xx_hal.o
 .debug_info    0x0000303d      0xa87 ./Drivers/STM32F1xx_HAL_Driver/Src/stm32f1xx_hal_cortex.o
 .debug_info    0x00003ac4      0x5ab ./Drivers/STM32F1xx_HAL_Driver/Src/stm32f1xx_hal_gpio.o
 .debug_info    0x0000406f     0x2524 ./Drivers/STM32F1xx_HAL_Driver/Src/stm32f1xx_hal_i2c.o
 .debug_info    0x00006593      0x7d5 ./Drivers/STM32F1xx_HAL_Driver/Src/stm32f1xx_hal_rcc.o

.debug_abbrev   0x00000000     0x16b3
 .debug_abbrev  0x00000000      0x11c ./Core/Src/fonts.o
 .debug_abbrev  0x0000011c      0x2f8 ./Core/Src/main.o
 .debug_abbrev  0x00000414      0x30d ./Core/Src/ssd1306.o
 .debug_abbrev  0x00000721      0x1a3 ./Core/Src/stm32f1xx_hal_msp.o
 .debug_abbrev  0x000008c4       0x73 ./Core/Src/stm32f1xx_it.o
 .debug_abbrev  0x00000937      0x13f ./Core/Src/system_stm32f1xx.o
 .debug_abbrev  0x00000a76       0x24 ./Core/Startup/startup_stm32f103c8tx.o
 .debug_abbrev  0x00000a9a      0x201 ./Drivers/STM32F1xx_HAL_Driver/Src/stm32f1xx_hal.o
 .debug_abbrev  0x00000c9b      0x2f8 ./Drivers/STM32F1xx_HAL_Driver/Src/stm32f1xx_hal_cortex.o
 .debug_abbrev  0x00000f93      0x1ca ./Drivers/STM32F1xx_HAL_Driver/Src/stm32f1xx_hal_gpio.o
 .debug_abbrev  0x0000115d      0x2a3 ./Drivers/STM32F1xx_HAL_Driver/Src/stm32f1xx_hal_i2c.o
 .debug_abbrev  0x00001400      0x2b3 ./Drivers/STM32F1xx_HAL_Driver/Src/stm32f1xx_hal_rcc.o

.debug_aranges  0x00000000      0x7a8
 .debug_aranges
                0x00000000       0x20 ./Core/Src/fonts.o
 .debug_aranges
                0x00000020       0x40 ./Core/Src/main.o
 .debug_aranges
                0x00000060       0xf8 ./Core/Src/ssd1306.o
 .debug_aranges
                0x00000158       0x30 ./Core/Src/stm32f1xx_hal_msp.o
 .debug_aranges
                0x00000188       0x60 ./Core/Src/stm32f1xx_it.o
 .debug_aranges
                0x000001e8       0x28 ./Core/Src/system_stm32f1xx.o
 .debug_aranges
                0x00000210       0x28 ./Core/Startup/startup_stm32f103c8tx.o
 .debug_aranges
                0x00000238       0xe0 ./Drivers/STM32F1xx_HAL_Driver/Src/stm32f1xx_hal.o
 .debug_aranges
                0x00000318      0x100 ./Drivers/STM32F1xx_HAL_Driver/Src/stm32f1xx_hal_cortex.o
 .debug_aranges
                0x00000418       0x58 ./Drivers/STM32F1xx_HAL_Driver/Src/stm32f1xx_hal_gpio.o
 .debug_aranges
                0x00000470      0x2a8 ./Drivers/STM32F1xx_HAL_Driver/Src/stm32f1xx_hal_i2c.o
 .debug_aranges
                0x00000718       0x90 ./Drivers/STM32F1xx_HAL_Driver/Src/stm32f1xx_hal_rcc.o

.debug_rnglists
                0x00000000      0x5dc
 .debug_rnglists
                0x00000000       0x13 ./Core/Src/fonts.o
 .debug_rnglists
                0x00000013       0x2c ./Core/Src/main.o
 .debug_rnglists
                0x0000003f       0xc2 ./Core/Src/ssd1306.o
 .debug_rnglists
                0x00000101       0x20 ./Core/Src/stm32f1xx_hal_msp.o
 .debug_rnglists
                0x00000121       0x43 ./Core/Src/stm32f1xx_it.o
 .debug_rnglists
                0x00000164       0x1a ./Core/Src/system_stm32f1xx.o
 .debug_rnglists
                0x0000017e       0x19 ./Core/Startup/startup_stm32f103c8tx.o
 .debug_rnglists
                0x00000197       0xa3 ./Drivers/STM32F1xx_HAL_Driver/Src/stm32f1xx_hal.o
 .debug_rnglists
                0x0000023a       0xbb ./Drivers/STM32F1xx_HAL_Driver/Src/stm32f1xx_hal_cortex.o
 .debug_rnglists
                0x000002f5       0x3f ./Drivers/STM32F1xx_HAL_Driver/Src/stm32f1xx_hal_gpio.o
 .debug_rnglists
                0x00000334      0x23c ./Drivers/STM32F1xx_HAL_Driver/Src/stm32f1xx_hal_i2c.o
 .debug_rnglists
                0x00000570       0x6c ./Drivers/STM32F1xx_HAL_Driver/Src/stm32f1xx_hal_rcc.o

.debug_macro    0x00000000    0x16cd2
 .debug_macro   0x00000000      0x266 ./Core/Src/fonts.o
 .debug_macro   0x00000266      0xaa8 ./Core/Src/fonts.o
 .debug_macro   0x00000d0e      0x215 ./Core/Src/fonts.o
 .debug_macro   0x00000f23       0x2e ./Core/Src/fonts.o
 .debug_macro   0x00000f51       0x22 ./Core/Src/fonts.o
 .debug_macro   0x00000f73       0x22 ./Core/Src/fonts.o
 .debug_macro   0x00000f95       0x8e ./Core/Src/fonts.o
 .debug_macro   0x00001023       0x51 ./Core/Src/fonts.o
 .debug_macro   0x00001074      0x103 ./Core/Src/fonts.o
 .debug_macro   0x00001177       0x6a ./Core/Src/fonts.o
 .debug_macro   0x000011e1      0x1df ./Core/Src/fonts.o
 .debug_macro   0x000013c0       0x1c ./Core/Src/fonts.o
 .debug_macro   0x000013dc       0x22 ./Core/Src/fonts.o
 .debug_macro   0x000013fe       0xbd ./Core/Src/fonts.o
 .debug_macro   0x000014bb      0xd23 ./Core/Src/fonts.o
 .debug_macro   0x000021de     0xe09e ./Core/Src/fonts.o
 .debug_macro   0x0001027c       0x6d ./Core/Src/fonts.o
 .debug_macro   0x000102e9     0x34a2 ./Core/Src/fonts.o
 .debug_macro   0x0001378b      0x189 ./Core/Src/fonts.o
 .debug_macro   0x00013914       0x5c ./Core/Src/fonts.o
 .debug_macro   0x00013970      0x5bc ./Core/Src/fonts.o
 .debug_macro   0x00013f2c      0x289 ./Core/Src/fonts.o
 .debug_macro   0x000141b5      0x1cb ./Core/Src/fonts.o
 .debug_macro   0x00014380      0x114 ./Core/Src/fonts.o
 .debug_macro   0x00014494      0x1b2 ./Core/Src/fonts.o
 .debug_macro   0x00014646       0x27 ./Core/Src/fonts.o
 .debug_macro   0x0001466d      0x136 ./Core/Src/fonts.o
 .debug_macro   0x000147a3      0x1bc ./Core/Src/fonts.o
 .debug_macro   0x0001495f       0x34 ./Core/Src/fonts.o
 .debug_macro   0x00014993       0x3c ./Core/Src/fonts.o
 .debug_macro   0x000149cf       0x57 ./Core/Src/fonts.o
 .debug_macro   0x00014a26       0x87 ./Core/Src/fonts.o
 .debug_macro   0x00014aad      0x240 ./Core/Src/fonts.o
 .debug_macro   0x00014ced      0x287 ./Core/Src/fonts.o
 .debug_macro   0x00014f74      0x140 ./Core/Src/fonts.o
 .debug_macro   0x000150b4       0x83 ./Core/Src/fonts.o
 .debug_macro   0x00015137       0x61 ./Core/Src/fonts.o
 .debug_macro   0x00015198       0x24 ./Core/Src/fonts.o
 .debug_macro   0x000151bc       0x43 ./Core/Src/fonts.o
 .debug_macro   0x000151ff       0x34 ./Core/Src/fonts.o
 .debug_macro   0x00015233       0x16 ./Core/Src/fonts.o
 .debug_macro   0x00015249       0x43 ./Core/Src/fonts.o
 .debug_macro   0x0001528c       0x34 ./Core/Src/fonts.o
 .debug_macro   0x000152c0       0x10 ./Core/Src/fonts.o
 .debug_macro   0x000152d0       0x58 ./Core/Src/fonts.o
 .debug_macro   0x00015328       0x8e ./Core/Src/fonts.o
 .debug_macro   0x000153b6       0x1c ./Core/Src/fonts.o
 .debug_macro   0x000153d2      0x177 ./Core/Src/fonts.o
 .debug_macro   0x00015549      0x369 ./Core/Src/fonts.o
 .debug_macro   0x000158b2       0x10 ./Core/Src/fonts.o
 .debug_macro   0x000158c2       0x35 ./Core/Src/fonts.o
 .debug_macro   0x000158f7       0x20 ./Core/Src/fonts.o
 .debug_macro   0x00015917      0x2d5 ./Core/Src/main.o
 .debug_macro   0x00015bec       0x16 ./Core/Src/main.o
 .debug_macro   0x00015c02       0x16 ./Core/Src/main.o
 .debug_macro   0x00015c18       0x29 ./Core/Src/main.o
 .debug_macro   0x00015c41       0x23 ./Core/Src/main.o
 .debug_macro   0x00015c64      0x2f1 ./Core/Src/ssd1306.o
 .debug_macro   0x00015f55      0x198 ./Core/Src/stm32f1xx_hal_msp.o
 .debug_macro   0x000160ed      0x1a2 ./Core/Src/stm32f1xx_it.o
 .debug_macro   0x0001628f      0x18e ./Core/Src/system_stm32f1xx.o
 .debug_macro   0x0001641d      0x1b2 ./Drivers/STM32F1xx_HAL_Driver/Src/stm32f1xx_hal.o
 .debug_macro   0x000165cf      0x18e ./Drivers/STM32F1xx_HAL_Driver/Src/stm32f1xx_hal_cortex.o
 .debug_macro   0x0001675d      0x1f9 ./Drivers/STM32F1xx_HAL_Driver/Src/stm32f1xx_hal_gpio.o
 .debug_macro   0x00016956      0x1dc ./Drivers/STM32F1xx_HAL_Driver/Src/stm32f1xx_hal_i2c.o
 .debug_macro   0x00016b32      0x1a0 ./Drivers/STM32F1xx_HAL_Driver/Src/stm32f1xx_hal_rcc.o

.debug_line     0x00000000     0xa167
 .debug_line    0x00000000      0x83c ./Core/Src/fonts.o
 .debug_line    0x0000083c      0xa0b ./Core/Src/main.o
 .debug_line    0x00001247     0x1003 ./Core/Src/ssd1306.o
 .debug_line    0x0000224a      0x71e ./Core/Src/stm32f1xx_hal_msp.o
 .debug_line    0x00002968      0x795 ./Core/Src/stm32f1xx_it.o
 .debug_line    0x000030fd      0x751 ./Core/Src/system_stm32f1xx.o
 .debug_line    0x0000384e       0x78 ./Core/Startup/startup_stm32f103c8tx.o
 .debug_line    0x000038c6      0x97e ./Drivers/STM32F1xx_HAL_Driver/Src/stm32f1xx_hal.o
 .debug_line    0x00004244      0xb6a ./Drivers/STM32F1xx_HAL_Driver/Src/stm32f1xx_hal_cortex.o
 .debug_line    0x00004dae      0xa17 ./Drivers/STM32F1xx_HAL_Driver/Src/stm32f1xx_hal_gpio.o
 .debug_line    0x000057c5     0x3c1b ./Drivers/STM32F1xx_HAL_Driver/Src/stm32f1xx_hal_i2c.o
 .debug_line    0x000093e0      0xd87 ./Drivers/STM32F1xx_HAL_Driver/Src/stm32f1xx_hal_rcc.o

.debug_str      0x00000000    0x81d93
 .debug_str     0x00000000    0x7f443 ./Core/Src/fonts.o
                              0x7f79a (size before relaxing)
 .debug_str     0x0007f443      0x90d ./Core/Src/main.o
                              0x8009d (size before relaxing)
 .debug_str     0x0007fd50      0x443 ./Core/Src/ssd1306.o
                              0x80273 (size before relaxing)
 .debug_str     0x00080193       0xdc ./Core/Src/stm32f1xx_hal_msp.o
                              0x7cb27 (size before relaxing)
 .debug_str     0x0008026f       0xc9 ./Core/Src/stm32f1xx_it.o
                              0x7c638 (size before relaxing)
 .debug_str     0x00080338       0x7e ./Core/Src/system_stm32f1xx.o
                              0x7c64e (size before relaxing)
 .debug_str     0x000803b6       0x44 ./Core/Startup/startup_stm32f103c8tx.o
                                 0x5c (size before relaxing)
 .debug_str     0x000803fa      0x607 ./Drivers/STM32F1xx_HAL_Driver/Src/stm32f1xx_hal.o
                              0x7cd81 (size before relaxing)
 .debug_str     0x00080a01      0x2bb ./Drivers/STM32F1xx_HAL_Driver/Src/stm32f1xx_hal_cortex.o
                              0x7cccd (size before relaxing)
 .debug_str     0x00080cbc      0x322 ./Drivers/STM32F1xx_HAL_Driver/Src/stm32f1xx_hal_gpio.o
                              0x7c9d4 (size before relaxing)
 .debug_str     0x00080fde      0xbac ./Drivers/STM32F1xx_HAL_Driver/Src/stm32f1xx_hal_i2c.o
                              0x7d715 (size before relaxing)
 .debug_str     0x00081b8a      0x209 ./Drivers/STM32F1xx_HAL_Driver/Src/stm32f1xx_hal_rcc.o
                              0x7ca7d (size before relaxing)

.comment        0x00000000       0x43
 .comment       0x00000000       0x43 ./Core/Src/fonts.o
                                 0x44 (size before relaxing)
 .comment       0x00000043       0x44 ./Core/Src/main.o
 .comment       0x00000043       0x44 ./Core/Src/ssd1306.o
 .comment       0x00000043       0x44 ./Core/Src/stm32f1xx_hal_msp.o
 .comment       0x00000043       0x44 ./Core/Src/stm32f1xx_it.o
 .comment       0x00000043       0x44 ./Core/Src/system_stm32f1xx.o
 .comment       0x00000043       0x44 ./Drivers/STM32F1xx_HAL_Driver/Src/stm32f1xx_hal.o
 .comment       0x00000043       0x44 ./Drivers/STM32F1xx_HAL_Driver/Src/stm32f1xx_hal_cortex.o
 .comment       0x00000043       0x44 ./Drivers/STM32F1xx_HAL_Driver/Src/stm32f1xx_hal_gpio.o
 .comment       0x00000043       0x44 ./Drivers/STM32F1xx_HAL_Driver/Src/stm32f1xx_hal_i2c.o
 .comment       0x00000043       0x44 ./Drivers/STM32F1xx_HAL_Driver/Src/stm32f1xx_hal_rcc.o

.debug_frame    0x00000000     0x1e68
 .debug_frame   0x00000000       0x38 ./Core/Src/fonts.o
 .debug_frame   0x00000038       0xb0 ./Core/Src/main.o
 .debug_frame   0x000000e8      0x414 ./Core/Src/ssd1306.o
 .debug_frame   0x000004fc       0x80 ./Core/Src/stm32f1xx_hal_msp.o
 .debug_frame   0x0000057c      0x104 ./Core/Src/stm32f1xx_it.o
 .debug_frame   0x00000680       0x58 ./Core/Src/system_stm32f1xx.o
 .debug_frame   0x000006d8      0x334 ./Drivers/STM32F1xx_HAL_Driver/Src/stm32f1xx_hal.o
 .debug_frame   0x00000a0c      0x428 ./Drivers/STM32F1xx_HAL_Driver/Src/stm32f1xx_hal_cortex.o
 .debug_frame   0x00000e34      0x14c ./Drivers/STM32F1xx_HAL_Driver/Src/stm32f1xx_hal_gpio.o
 .debug_frame   0x00000f80      0xc84 ./Drivers/STM32F1xx_HAL_Driver/Src/stm32f1xx_hal_i2c.o
 .debug_frame   0x00001c04      0x218 ./Drivers/STM32F1xx_HAL_Driver/Src/stm32f1xx_hal_rcc.o
 .debug_frame   0x00001e1c       0x20 C:/ST/STM32CubeIDE_1.16.0/STM32CubeIDE/plugins/com.st.stm32cube.ide.mcu.externaltools.gnu-tools-for-stm32.12.3.rel1.win32_1.0.200.202406191623/tools/bin/../lib/gcc/arm-none-eabi/12.3.1/../../../../arm-none-eabi/lib/thumb/v7-m/nofp\libc_nano.a(libc_a-memset.o)
 .debug_frame   0x00001e3c       0x2c C:/ST/STM32CubeIDE_1.16.0/STM32CubeIDE/plugins/com.st.stm32cube.ide.mcu.externaltools.gnu-tools-for-stm32.12.3.rel1.win32_1.0.200.202406191623/tools/bin/../lib/gcc/arm-none-eabi/12.3.1/../../../../arm-none-eabi/lib/thumb/v7-m/nofp\libc_nano.a(libc_a-init.o)

.debug_line_str
                0x00000000       0x40
 .debug_line_str
                0x00000000       0x40 ./Core/Startup/startup_stm32f103c8tx.o
