15:18:22 **** Incremental Build of configuration Debug for project I2C ****
make -j16 all 
arm-none-eabi-gcc "../Core/Src/main.c" -mcpu=cortex-m3 -std=gnu11 -g3 -DDEBUG -DUSE_HAL_DRIVER -DSTM32F103xB -c -I../Core/Inc -I../Drivers/STM32F1xx_HAL_Driver/Inc/Legacy -I../Drivers/STM32F1xx_HAL_Driver/Inc -I../Drivers/CMSIS/Device/ST/STM32F1xx/Include -I../Drivers/CMSIS/Include -O0 -ffunction-sections -fdata-sections -Wall -fstack-usage -fcyclomatic-complexity -MMD -MP -MF"Core/Src/main.d" -MT"Core/Src/main.o" --specs=nano.specs -mfloat-abi=soft -mthumb -o "Core/Src/main.o"
arm-none-eabi-gcc -o "I2C.elf" @"objects.list"   -mcpu=cortex-m3 -T"C:\Github\I2C\I2C\STM32F103C8TX_FLASH.ld" --specs=nosys.specs -Wl,-Map="I2C.map" -Wl,--gc-sections -static --specs=nano.specs -mfloat-abi=soft -mthumb -Wl,--start-group -lc -lm -Wl,--end-group
Finished building target: I2C.elf
 
arm-none-eabi-size  I2C.elf 
arm-none-eabi-objdump -h -S I2C.elf  > "I2C.list"
   text	   data	    bss	    dec	    hex	filename
  25140	     20	   2684	  27844	   6cc4	I2C.elf
Finished building: default.size.stdout
 
Finished building: I2C.list
 
15:18:53 **** Incremental Build of configuration Debug for project I2C ****
make -j16 all 
arm-none-eabi-size  I2C.elf 
   text	   data	    bss	    dec	    hex	filename
  25140	     20	   2684	  27844	   6cc4	I2C.elf
Finished building: default.size.stdout
 
15:19:26 **** Incremental Build of configuration Debug for project I2C ****
make -j16 all 
arm-none-eabi-size  I2C.elf 
   text	   data	    bss	    dec	    hex	filename
  25140	     20	   2684	  27844	   6cc4	I2C.elf
Finished building: default.size.stdout
 
15:19:33 **** Incremental Build of configuration Debug for project I2C ****
make -j16 all 
arm-none-eabi-size  I2C.elf 
   text	   data	    bss	    dec	    hex	filename
  25140	     20	   2684	  27844	   6cc4	I2C.elf
Finished building: default.size.stdout
 
15:39:57 **** Incremental Build of configuration Debug for project I2C ****
make -j16 all 
arm-none-eabi-size  I2C.elf 
   text	   data	    bss	    dec	    hex	filename
  25140	     20	   2684	  27844	   6cc4	I2C.elf
Finished building: default.size.stdout
 
